[root@ecs-61ab-0902691 /]# lsblk
NAME   MAJ:MIN RM  SIZE RO TYPE MOUNTPOINT
vda    253:0    0   40G  0 disk 
├─vda1 253:1    0    4G  0 part [SWAP]
└─vda2 253:2    0   36G  0 part /
vdb    253:16   0  100G  0 disk 
[root@ecs-61ab-0902691 /]# lsblk vdb
lsblk: vdb: not a block device
[root@ecs-61ab-0902691 /]# fdisk /dev/vdb
Welcome to fdisk (util-linux 2.23.2).

Changes will remain in memory only, until you decide to write them.
Be careful before using the write command.

Device does not contain a recognized partition table
Building a new DOS disklabel with disk identifier 0x930c27ee.

Command (m for help): m
Command action
   a   toggle a bootable flag
   b   edit bsd disklabel
   c   toggle the dos compatibility flag
   d   delete a partition
   g   create a new empty GPT partition table
   G   create an IRIX (SGI) partition table
   l   list known partition types
   m   print this menu
   n   add a new partition
   o   create a new empty DOS partition table
   p   print the partition table
   q   quit without saving changes
   s   create a new empty Sun disklabel
   t   change a partition's system id
   u   change display/entry units
   v   verify the partition table
   w   write table to disk and exit
   x   extra functionality (experts only)

Command (m for help): n
Partition type:
   p   primary (0 primary, 0 extended, 4 free)
   e   extended
Select (default p): 
Using default response p
Partition number (1-4, default 1): 1^H
Partition number (1-4, default 1): 
First sector (2048-209715199, default 2048): 
Using default value 2048
Last sector, +sectors or +size{K,M,G} (2048-209715199, default 209715199): 
Using default value 209715199
Partition 1 of type Linux and of size 100 GiB is set

Command (m for help): w
The partition table has been altered!

Calling ioctl() to re-read partition table.
Syncing disks.
[root@ecs-61ab-0902691 /]# lsblk -f
NAME   FSTYPE LABEL UUID                                 MOUNTPOINT
vda                                                      
├─vda1 swap         4104bb80-c9e6-440c-a9e0-5606951284f9 [SWAP]
└─vda2 ext3         51c8bb02-2d2a-4f2f-b823-f8c974300184 /
vdb                                                      
└─vdb1                                                   
[root@ecs-61ab-0902691 /]# mkfs -t ext4 /dev/vdb1
mke2fs 1.42.9 (28-Dec-2013)
Filesystem label=
OS type: Linux
Block size=4096 (log=2)
Fragment size=4096 (log=2)
Stride=0 blocks, Stripe width=0 blocks
6553600 inodes, 26214144 blocks
1310707 blocks (5.00%) reserved for the super user
First data block=0
Maximum filesystem blocks=2174746624
800 block groups
32768 blocks per group, 32768 fragments per group
8192 inodes per group
Superblock backups stored on blocks: 
        32768, 98304, 163840, 229376, 294912, 819200, 884736, 1605632, 2654208, 
        4096000, 7962624, 11239424, 20480000, 23887872

Allocating group tables: done                            
Writing inode tables: done                            
Creating journal (32768 blocks): done
Writing superblocks and filesystem accounting information: done   

[root@ecs-61ab-0902691 /]# lsblk -f
NAME   FSTYPE LABEL UUID                                 MOUNTPOINT
vda                                                      
├─vda1 swap         4104bb80-c9e6-440c-a9e0-5606951284f9 [SWAP]
└─vda2 ext3         51c8bb02-2d2a-4f2f-b823-f8c974300184 /
vdb                                                      
└─vdb1 ext4         8ca3d854-502f-48e4-a38e-1e9a6181aacf 